2025-04-05 17:39:18 [scrapy.utils.log] INFO: Scrapy 2.12.0 started (bot: opentable)
2025-04-05 17:39:18 [scrapy.utils.log] INFO: Versions: lxml 5.3.1.0, libxml2 2.13.6, cssselect 1.2.0, parsel 1.10.0, w3lib 2.3.1, Twisted 24.11.0, Python 3.10.16 | packaged by conda-forge | (main, Dec  5 2024, 14:07:43) [MSC v.1942 64 bit (AMD64)], pyOpenSSL 25.0.0 (OpenSSL 3.4.1 11 Feb 2025), cryptography 44.0.2, Platform Windows-10-10.0.26100-SP0
2025-04-05 17:39:18 [scrapy.addons] INFO: Enabled addons:
[]
2025-04-05 17:39:33 [scrapy.utils.log] DEBUG: Using reactor: twisted.internet.selectreactor.SelectReactor
2025-04-05 17:39:33 [scrapy.extensions.telnet] INFO: Telnet Password: e5686a2516ff235d
2025-04-05 17:39:33 [scrapy.middleware] INFO: Enabled extensions:
['scrapy.extensions.corestats.CoreStats',
 'scrapy.extensions.telnet.TelnetConsole',
 'scrapy.extensions.logstats.LogStats']
2025-04-05 17:39:33 [scrapy.crawler] INFO: Overridden settings:
{'AUTOTHROTTLE_DEBUG': True,
 'BOT_NAME': 'opentable',
 'CONCURRENT_REQUESTS': 1,
 'DUPEFILTER_CLASS': 'scrapy_splash.SplashAwareDupeFilter',
 'HTTPCACHE_STORAGE': 'scrapy_splash.SplashAwareFSCacheStorage',
 'LOG_FILE': 'spider.log',
 'NEWSPIDER_MODULE': 'opentable.spiders',
 'ROBOTSTXT_OBEY': True,
 'SPIDER_MODULES': ['opentable.spiders']}
2025-04-05 17:39:33 [twisted] CRITICAL: Unhandled error in Deferred:
2025-04-05 17:39:33 [twisted] CRITICAL: 
Traceback (most recent call last):
  File "C:\Users\paxto\miniforge3\envs\ml4t\lib\site-packages\twisted\internet\defer.py", line 2017, in _inlineCallbacks
    result = context.run(gen.send, result)
  File "C:\Users\paxto\miniforge3\envs\ml4t\lib\site-packages\scrapy\crawler.py", line 152, in crawl
    self.engine = self._create_engine()
  File "C:\Users\paxto\miniforge3\envs\ml4t\lib\site-packages\scrapy\crawler.py", line 166, in _create_engine
    return ExecutionEngine(self, lambda _: self.stop())
  File "C:\Users\paxto\miniforge3\envs\ml4t\lib\site-packages\scrapy\core\engine.py", line 101, in __init__
    self.downloader: Downloader = downloader_cls(crawler)
  File "C:\Users\paxto\miniforge3\envs\ml4t\lib\site-packages\scrapy\core\downloader\__init__.py", line 109, in __init__
    DownloaderMiddlewareManager.from_crawler(crawler)
  File "C:\Users\paxto\miniforge3\envs\ml4t\lib\site-packages\scrapy\middleware.py", line 77, in from_crawler
    return cls._from_settings(crawler.settings, crawler)
  File "C:\Users\paxto\miniforge3\envs\ml4t\lib\site-packages\scrapy\middleware.py", line 86, in _from_settings
    mwcls = load_object(clspath)
  File "C:\Users\paxto\miniforge3\envs\ml4t\lib\site-packages\scrapy\utils\misc.py", line 71, in load_object
    mod = import_module(module)
  File "C:\Users\paxto\miniforge3\envs\ml4t\lib\importlib\__init__.py", line 126, in import_module
    return _bootstrap._gcd_import(name[level:], package, level)
  File "<frozen importlib._bootstrap>", line 1050, in _gcd_import
  File "<frozen importlib._bootstrap>", line 1027, in _find_and_load
  File "<frozen importlib._bootstrap>", line 1004, in _find_and_load_unlocked
ModuleNotFoundError: No module named 'random_useragent'
2025-04-05 17:43:51 [scrapy.utils.log] INFO: Scrapy 2.12.0 started (bot: opentable)
2025-04-05 17:43:51 [scrapy.utils.log] INFO: Versions: lxml 5.3.1.0, libxml2 2.13.6, cssselect 1.2.0, parsel 1.10.0, w3lib 2.3.1, Twisted 24.11.0, Python 3.10.16 | packaged by conda-forge | (main, Dec  5 2024, 14:07:43) [MSC v.1942 64 bit (AMD64)], pyOpenSSL 25.0.0 (OpenSSL 3.4.1 11 Feb 2025), cryptography 44.0.2, Platform Windows-10-10.0.26100-SP0
2025-04-05 17:43:51 [scrapy.addons] INFO: Enabled addons:
[]
2025-04-05 17:43:51 [scrapy.utils.log] DEBUG: Using reactor: twisted.internet.selectreactor.SelectReactor
2025-04-05 17:43:51 [scrapy.extensions.telnet] INFO: Telnet Password: b29c6b84a8da6688
2025-04-05 17:43:51 [scrapy.middleware] INFO: Enabled extensions:
['scrapy.extensions.corestats.CoreStats',
 'scrapy.extensions.telnet.TelnetConsole',
 'scrapy.extensions.logstats.LogStats']
2025-04-05 17:43:51 [scrapy.crawler] INFO: Overridden settings:
{'AUTOTHROTTLE_DEBUG': True,
 'BOT_NAME': 'opentable',
 'CONCURRENT_REQUESTS': 1,
 'DUPEFILTER_CLASS': 'scrapy_splash.SplashAwareDupeFilter',
 'HTTPCACHE_STORAGE': 'scrapy_splash.SplashAwareFSCacheStorage',
 'LOG_FILE': 'spider.log',
 'NEWSPIDER_MODULE': 'opentable.spiders',
 'ROBOTSTXT_OBEY': True,
 'SPIDER_MODULES': ['opentable.spiders']}
2025-04-05 17:43:51 [twisted] CRITICAL: Unhandled error in Deferred:
2025-04-05 17:43:51 [twisted] CRITICAL: 
Traceback (most recent call last):
  File "C:\Users\paxto\miniforge3\envs\ml4t\lib\site-packages\twisted\internet\defer.py", line 2017, in _inlineCallbacks
    result = context.run(gen.send, result)
  File "C:\Users\paxto\miniforge3\envs\ml4t\lib\site-packages\scrapy\crawler.py", line 152, in crawl
    self.engine = self._create_engine()
  File "C:\Users\paxto\miniforge3\envs\ml4t\lib\site-packages\scrapy\crawler.py", line 166, in _create_engine
    return ExecutionEngine(self, lambda _: self.stop())
  File "C:\Users\paxto\miniforge3\envs\ml4t\lib\site-packages\scrapy\core\engine.py", line 101, in __init__
    self.downloader: Downloader = downloader_cls(crawler)
  File "C:\Users\paxto\miniforge3\envs\ml4t\lib\site-packages\scrapy\core\downloader\__init__.py", line 109, in __init__
    DownloaderMiddlewareManager.from_crawler(crawler)
  File "C:\Users\paxto\miniforge3\envs\ml4t\lib\site-packages\scrapy\middleware.py", line 77, in from_crawler
    return cls._from_settings(crawler.settings, crawler)
  File "C:\Users\paxto\miniforge3\envs\ml4t\lib\site-packages\scrapy\middleware.py", line 86, in _from_settings
    mwcls = load_object(clspath)
  File "C:\Users\paxto\miniforge3\envs\ml4t\lib\site-packages\scrapy\utils\misc.py", line 71, in load_object
    mod = import_module(module)
  File "C:\Users\paxto\miniforge3\envs\ml4t\lib\importlib\__init__.py", line 126, in import_module
    return _bootstrap._gcd_import(name[level:], package, level)
  File "<frozen importlib._bootstrap>", line 1050, in _gcd_import
  File "<frozen importlib._bootstrap>", line 1027, in _find_and_load
  File "<frozen importlib._bootstrap>", line 1004, in _find_and_load_unlocked
ModuleNotFoundError: No module named 'random_useragent'
2025-04-05 17:44:33 [scrapy.utils.log] INFO: Scrapy 2.12.0 started (bot: opentable)
2025-04-05 17:44:33 [scrapy.utils.log] INFO: Versions: lxml 5.3.1.0, libxml2 2.13.6, cssselect 1.2.0, parsel 1.10.0, w3lib 2.3.1, Twisted 24.11.0, Python 3.10.16 | packaged by conda-forge | (main, Dec  5 2024, 14:07:43) [MSC v.1942 64 bit (AMD64)], pyOpenSSL 25.0.0 (OpenSSL 3.4.1 11 Feb 2025), cryptography 44.0.2, Platform Windows-10-10.0.26100-SP0
2025-04-05 17:44:33 [scrapy.addons] INFO: Enabled addons:
[]
2025-04-05 17:44:33 [scrapy.utils.log] DEBUG: Using reactor: twisted.internet.selectreactor.SelectReactor
2025-04-05 17:44:33 [scrapy.extensions.telnet] INFO: Telnet Password: 97fb8bb994ae3958
2025-04-05 17:44:33 [scrapy.middleware] INFO: Enabled extensions:
['scrapy.extensions.corestats.CoreStats',
 'scrapy.extensions.telnet.TelnetConsole',
 'scrapy.extensions.logstats.LogStats']
2025-04-05 17:44:33 [scrapy.crawler] INFO: Overridden settings:
{'AUTOTHROTTLE_DEBUG': True,
 'BOT_NAME': 'opentable',
 'CONCURRENT_REQUESTS': 1,
 'DUPEFILTER_CLASS': 'scrapy_splash.SplashAwareDupeFilter',
 'HTTPCACHE_STORAGE': 'scrapy_splash.SplashAwareFSCacheStorage',
 'LOG_FILE': 'spider.log',
 'NEWSPIDER_MODULE': 'opentable.spiders',
 'ROBOTSTXT_OBEY': True,
 'SPIDER_MODULES': ['opentable.spiders']}
2025-04-05 17:44:33 [twisted] CRITICAL: Unhandled error in Deferred:
2025-04-05 17:44:33 [twisted] CRITICAL: 
Traceback (most recent call last):
  File "C:\Users\paxto\miniforge3\envs\ml4t\lib\site-packages\twisted\internet\defer.py", line 2017, in _inlineCallbacks
    result = context.run(gen.send, result)
  File "C:\Users\paxto\miniforge3\envs\ml4t\lib\site-packages\scrapy\crawler.py", line 152, in crawl
    self.engine = self._create_engine()
  File "C:\Users\paxto\miniforge3\envs\ml4t\lib\site-packages\scrapy\crawler.py", line 166, in _create_engine
    return ExecutionEngine(self, lambda _: self.stop())
  File "C:\Users\paxto\miniforge3\envs\ml4t\lib\site-packages\scrapy\core\engine.py", line 101, in __init__
    self.downloader: Downloader = downloader_cls(crawler)
  File "C:\Users\paxto\miniforge3\envs\ml4t\lib\site-packages\scrapy\core\downloader\__init__.py", line 109, in __init__
    DownloaderMiddlewareManager.from_crawler(crawler)
  File "C:\Users\paxto\miniforge3\envs\ml4t\lib\site-packages\scrapy\middleware.py", line 77, in from_crawler
    return cls._from_settings(crawler.settings, crawler)
  File "C:\Users\paxto\miniforge3\envs\ml4t\lib\site-packages\scrapy\middleware.py", line 86, in _from_settings
    mwcls = load_object(clspath)
  File "C:\Users\paxto\miniforge3\envs\ml4t\lib\site-packages\scrapy\utils\misc.py", line 71, in load_object
    mod = import_module(module)
  File "C:\Users\paxto\miniforge3\envs\ml4t\lib\importlib\__init__.py", line 126, in import_module
    return _bootstrap._gcd_import(name[level:], package, level)
  File "<frozen importlib._bootstrap>", line 1050, in _gcd_import
  File "<frozen importlib._bootstrap>", line 1027, in _find_and_load
  File "<frozen importlib._bootstrap>", line 1004, in _find_and_load_unlocked
ModuleNotFoundError: No module named 'random_useragent'
